2026-03-31 13:31:17 [DefaultDispatcher-worker-1] WARN  Exposed - Transaction attempt #0 failed: org.sqlite.SQLiteException: [SQLITE_ERROR] SQL error or missing database (no such column: geo_data.report_type). Statement(s): SELECT geo_data.id, geo_data.line_name, geo_data.tower_number, geo_data.circuit, geo_data.latitude, geo_data.longitude, geo_data.phase, geo_data.side, geo_data.direction, geo_data.captured_date, geo_data.captured_time, geo_data.humidity, geo_data.emissivity, geo_data.ambient_temp, geo_data.load_val, geo_data.load_data_ckt3, geo_data.load_data_ckt4, geo_data.fault_desc, geo_data.fault_temp, geo_data.rise_temp, geo_data.img_thermal, geo_data.img_visual, geo_data.img_tower, geo_data.img_extra, geo_data.status, geo_data.updated_at, geo_data.report_type FROM geo_data
org.jetbrains.exposed.exceptions.ExposedSQLException: org.sqlite.SQLiteException: [SQLITE_ERROR] SQL error or missing database (no such column: geo_data.report_type)
	at org.jetbrains.exposed.sql.statements.Statement.executeIn$exposed_core(Statement.kt:83)
	at org.jetbrains.exposed.sql.Transaction.exec(Transaction.kt:292)
	at org.jetbrains.exposed.sql.Transaction.exec(Transaction.kt:269)
	at org.jetbrains.exposed.sql.AbstractQuery.iterator(AbstractQuery.kt:78)
	at org.jetbrains.exposed.sql.IterableExKt$mapLazy$1.iterator(IterableEx.kt:168)
	at com.geospatial.processing.data.repository.GeoRepository$getAllRecords$2$1.invoke(GeoRepository.kt:135)
	at com.geospatial.processing.data.repository.GeoRepository$getAllRecords$2$1.invoke(GeoRepository.kt:36)
	at org.jetbrains.exposed.sql.transactions.ThreadLocalTransactionManagerKt.inTopLevelTransaction$run(ThreadLocalTransactionManager.kt:324)
	at org.jetbrains.exposed.sql.transactions.ThreadLocalTransactionManagerKt.access$inTopLevelTransaction$run(ThreadLocalTransactionManager.kt:1)
	at org.jetbrains.exposed.sql.transactions.ThreadLocalTransactionManagerKt$inTopLevelTransaction$1.invoke(ThreadLocalTransactionManager.kt:371)
	at org.jetbrains.exposed.sql.transactions.ThreadLocalTransactionManagerKt.keepAndRestoreTransactionRefAfterRun(ThreadLocalTransactionManager.kt:379)
	at org.jetbrains.exposed.sql.transactions.ThreadLocalTransactionManagerKt.inTopLevelTransaction(ThreadLocalTransactionManager.kt:370)
	at org.jetbrains.exposed.sql.transactions.ThreadLocalTransactionManagerKt$transaction$1.invoke(ThreadLocalTransactionManager.kt:279)
	at org.jetbrains.exposed.sql.transactions.ThreadLocalTransactionManagerKt.keepAndRestoreTransactionRefAfterRun(ThreadLocalTransactionManager.kt:379)
	at org.jetbrains.exposed.sql.transactions.ThreadLocalTransactionManagerKt.transaction(ThreadLocalTransactionManager.kt:249)
	at org.jetbrains.exposed.sql.transactions.ThreadLocalTransactionManagerKt.transaction(ThreadLocalTransactionManager.kt:227)
	at org.jetbrains.exposed.sql.transactions.ThreadLocalTransactionManagerKt.transaction$default(ThreadLocalTransactionManager.kt:226)
	at com.geospatial.processing.data.repository.GeoRepository$getAllRecords$2.invokeSuspend(GeoRepository.kt:36)
	at kotlin.coroutines.jvm.internal.BaseContinuationImpl.resumeWith(ContinuationImpl.kt:33)
	at kotlinx.coroutines.DispatchedTask.run(DispatchedTask.kt:104)
	at kotlinx.coroutines.internal.LimitedDispatcher$Worker.run(LimitedDispatcher.kt:111)
	at kotlinx.coroutines.scheduling.TaskImpl.run(Tasks.kt:99)
	at kotlinx.coroutines.scheduling.CoroutineScheduler.runSafely(CoroutineScheduler.kt:585)
	at kotlinx.coroutines.scheduling.CoroutineScheduler$Worker.executeTask(CoroutineScheduler.kt:802)
	at kotlinx.coroutines.scheduling.CoroutineScheduler$Worker.runWorker(CoroutineScheduler.kt:706)
	at kotlinx.coroutines.scheduling.CoroutineScheduler$Worker.run(CoroutineScheduler.kt:693)
Caused by: org.sqlite.SQLiteException: [SQLITE_ERROR] SQL error or missing database (no such column: geo_data.report_type)
	at org.sqlite.core.DB.newSQLException(DB.java:1179)
	at org.sqlite.core.DB.newSQLException(DB.java:1190)
	at org.sqlite.core.DB.throwex(DB.java:1150)
	at org.sqlite.core.NativeDB.prepare_utf8(Native Method)
	at org.sqlite.core.NativeDB.prepare(NativeDB.java:132)
	at org.sqlite.core.DB.prepare(DB.java:264)
	at org.sqlite.core.CorePreparedStatement.<init>(CorePreparedStatement.java:46)
	at org.sqlite.jdbc3.JDBC3PreparedStatement.<init>(JDBC3PreparedStatement.java:32)
	at org.sqlite.jdbc4.JDBC4PreparedStatement.<init>(JDBC4PreparedStatement.java:25)
	at org.sqlite.jdbc4.JDBC4Connection.prepareStatement(JDBC4Connection.java:34)
	at org.sqlite.jdbc3.JDBC3Connection.prepareStatement(JDBC3Connection.java:225)
	at org.sqlite.jdbc3.JDBC3Connection.prepareStatement(JDBC3Connection.java:205)
	at org.sqlite.jdbc3.JDBC3Connection.prepareStatement(JDBC3Connection.java:210)
	at org.jetbrains.exposed.sql.statements.jdbc.JdbcConnectionImpl.prepareStatement(JdbcConnectionImpl.kt:80)
	at org.jetbrains.exposed.sql.statements.Statement.prepared(Statement.kt:46)
	at org.jetbrains.exposed.sql.statements.Statement.executeIn$exposed_core(Statement.kt:79)
	... 25 common frames omitted
2026-03-31 13:31:17 [DefaultDispatcher-worker-1] WARN  Exposed - Wait 0 milliseconds before retrying
2026-03-31 13:31:17 [DefaultDispatcher-worker-1] WARN  Exposed - Transaction attempt #1 failed: org.sqlite.SQLiteException: [SQLITE_ERROR] SQL error or missing database (no such column: geo_data.report_type). Statement(s): SELECT geo_data.id, geo_data.line_name, geo_data.tower_number, geo_data.circuit, geo_data.latitude, geo_data.longitude, geo_data.phase, geo_data.side, geo_data.direction, geo_data.captured_date, geo_data.captured_time, geo_data.humidity, geo_data.emissivity, geo_data.ambient_temp, geo_data.load_val, geo_data.load_data_ckt3, geo_data.load_data_ckt4, geo_data.fault_desc, geo_data.fault_temp, geo_data.rise_temp, geo_data.img_thermal, geo_data.img_visual, geo_data.img_tower, geo_data.img_extra, geo_data.status, geo_data.updated_at, geo_data.report_type FROM geo_data
org.jetbrains.exposed.exceptions.ExposedSQLException: org.sqlite.SQLiteException: [SQLITE_ERROR] SQL error or missing database (no such column: geo_data.report_type)
	at org.jetbrains.exposed.sql.statements.Statement.executeIn$exposed_core(Statement.kt:83)
	at org.jetbrains.exposed.sql.Transaction.exec(Transaction.kt:292)
	at org.jetbrains.exposed.sql.Transaction.exec(Transaction.kt:269)
	at org.jetbrains.exposed.sql.AbstractQuery.iterator(AbstractQuery.kt:78)
	at org.jetbrains.exposed.sql.IterableExKt$mapLazy$1.iterator(IterableEx.kt:168)
	at com.geospatial.processing.data.repository.GeoRepository$getAllRecords$2$1.invoke(GeoRepository.kt:135)
	at com.geospatial.processing.data.repository.GeoRepository$getAllRecords$2$1.invoke(GeoRepository.kt:36)
	at org.jetbrains.exposed.sql.transactions.ThreadLocalTransactionManagerKt.inTopLevelTransaction$run(ThreadLocalTransactionManager.kt:324)
	at org.jetbrains.exposed.sql.transactions.ThreadLocalTransactionManagerKt.access$inTopLevelTransaction$run(ThreadLocalTransactionManager.kt:1)
	at org.jetbrains.exposed.sql.transactions.ThreadLocalTransactionManagerKt$inTopLevelTransaction$1.invoke(ThreadLocalTransactionManager.kt:371)
	at org.jetbrains.exposed.sql.transactions.ThreadLocalTransactionManagerKt.keepAndRestoreTransactionRefAfterRun(ThreadLocalTransactionManager.kt:379)
	at org.jetbrains.exposed.sql.transactions.ThreadLocalTransactionManagerKt.inTopLevelTransaction(ThreadLocalTransactionManager.kt:370)
	at org.jetbrains.exposed.sql.transactions.ThreadLocalTransactionManagerKt$transaction$1.invoke(ThreadLocalTransactionManager.kt:279)
	at org.jetbrains.exposed.sql.transactions.ThreadLocalTransactionManagerKt.keepAndRestoreTransactionRefAfterRun(ThreadLocalTransactionManager.kt:379)
	at org.jetbrains.exposed.sql.transactions.ThreadLocalTransactionManagerKt.transaction(ThreadLocalTransactionManager.kt:249)
	at org.jetbrains.exposed.sql.transactions.ThreadLocalTransactionManagerKt.transaction(ThreadLocalTransactionManager.kt:227)
	at org.jetbrains.exposed.sql.transactions.ThreadLocalTransactionManagerKt.transaction$default(ThreadLocalTransactionManager.kt:226)
	at com.geospatial.processing.data.repository.GeoRepository$getAllRecords$2.invokeSuspend(GeoRepository.kt:36)
	at kotlin.coroutines.jvm.internal.BaseContinuationImpl.resumeWith(ContinuationImpl.kt:33)
	at kotlinx.coroutines.DispatchedTask.run(DispatchedTask.kt:104)
	at kotlinx.coroutines.internal.LimitedDispatcher$Worker.run(LimitedDispatcher.kt:111)
	at kotlinx.coroutines.scheduling.TaskImpl.run(Tasks.kt:99)
	at kotlinx.coroutines.scheduling.CoroutineScheduler.runSafely(CoroutineScheduler.kt:585)
	at kotlinx.coroutines.scheduling.CoroutineScheduler$Worker.executeTask(CoroutineScheduler.kt:802)
	at kotlinx.coroutines.scheduling.CoroutineScheduler$Worker.runWorker(CoroutineScheduler.kt:706)
	at kotlinx.coroutines.scheduling.CoroutineScheduler$Worker.run(CoroutineScheduler.kt:693)
Caused by: org.sqlite.SQLiteException: [SQLITE_ERROR] SQL error or missing database (no such column: geo_data.report_type)
	at org.sqlite.core.DB.newSQLException(DB.java:1179)
	at org.sqlite.core.DB.newSQLException(DB.java:1190)
	at org.sqlite.core.DB.throwex(DB.java:1150)
	at org.sqlite.core.NativeDB.prepare_utf8(Native Method)
	at org.sqlite.core.NativeDB.prepare(NativeDB.java:132)
	at org.sqlite.core.DB.prepare(DB.java:264)
	at org.sqlite.core.CorePreparedStatement.<init>(CorePreparedStatement.java:46)
	at org.sqlite.jdbc3.JDBC3PreparedStatement.<init>(JDBC3PreparedStatement.java:32)
	at org.sqlite.jdbc4.JDBC4PreparedStatement.<init>(JDBC4PreparedStatement.java:25)
	at org.sqlite.jdbc4.JDBC4Connection.prepareStatement(JDBC4Connection.java:34)
	at org.sqlite.jdbc3.JDBC3Connection.prepareStatement(JDBC3Connection.java:225)
	at org.sqlite.jdbc3.JDBC3Connection.prepareStatement(JDBC3Connection.java:205)
	at org.sqlite.jdbc3.JDBC3Connection.prepareStatement(JDBC3Connection.java:210)
	at org.jetbrains.exposed.sql.statements.jdbc.JdbcConnectionImpl.prepareStatement(JdbcConnectionImpl.kt:80)
	at org.jetbrains.exposed.sql.statements.Statement.prepared(Statement.kt:46)
	at org.jetbrains.exposed.sql.statements.Statement.executeIn$exposed_core(Statement.kt:79)
	... 25 common frames omitted
2026-03-31 13:31:17 [DefaultDispatcher-worker-1] WARN  Exposed - Wait 0 milliseconds before retrying
2026-03-31 13:31:17 [DefaultDispatcher-worker-1] WARN  Exposed - Transaction attempt #2 failed: org.sqlite.SQLiteException: [SQLITE_ERROR] SQL error or missing database (no such column: geo_data.report_type). Statement(s): SELECT geo_data.id, geo_data.line_name, geo_data.tower_number, geo_data.circuit, geo_data.latitude, geo_data.longitude, geo_data.phase, geo_data.side, geo_data.direction, geo_data.captured_date, geo_data.captured_time, geo_data.humidity, geo_data.emissivity, geo_data.ambient_temp, geo_data.load_val, geo_data.load_data_ckt3, geo_data.load_data_ckt4, geo_data.fault_desc, geo_data.fault_temp, geo_data.rise_temp, geo_data.img_thermal, geo_data.img_visual, geo_data.img_tower, geo_data.img_extra, geo_data.status, geo_data.updated_at, geo_data.report_type FROM geo_data
org.jetbrains.exposed.exceptions.ExposedSQLException: org.sqlite.SQLiteException: [SQLITE_ERROR] SQL error or missing database (no such column: geo_data.report_type)
	at org.jetbrains.exposed.sql.statements.Statement.executeIn$exposed_core(Statement.kt:83)
	at org.jetbrains.exposed.sql.Transaction.exec(Transaction.kt:292)
	at org.jetbrains.exposed.sql.Transaction.exec(Transaction.kt:269)
	at org.jetbrains.exposed.sql.AbstractQuery.iterator(AbstractQuery.kt:78)
	at org.jetbrains.exposed.sql.IterableExKt$mapLazy$1.iterator(IterableEx.kt:168)
	at com.geospatial.processing.data.repository.GeoRepository$getAllRecords$2$1.invoke(GeoRepository.kt:135)
	at com.geospatial.processing.data.repository.GeoRepository$getAllRecords$2$1.invoke(GeoRepository.kt:36)
	at org.jetbrains.exposed.sql.transactions.ThreadLocalTransactionManagerKt.inTopLevelTransaction$run(ThreadLocalTransactionManager.kt:324)
	at org.jetbrains.exposed.sql.transactions.ThreadLocalTransactionManagerKt.access$inTopLevelTransaction$run(ThreadLocalTransactionManager.kt:1)
	at org.jetbrains.exposed.sql.transactions.ThreadLocalTransactionManagerKt$inTopLevelTransaction$1.invoke(ThreadLocalTransactionManager.kt:371)
	at org.jetbrains.exposed.sql.transactions.ThreadLocalTransactionManagerKt.keepAndRestoreTransactionRefAfterRun(ThreadLocalTransactionManager.kt:379)
	at org.jetbrains.exposed.sql.transactions.ThreadLocalTransactionManagerKt.inTopLevelTransaction(ThreadLocalTransactionManager.kt:370)
	at org.jetbrains.exposed.sql.transactions.ThreadLocalTransactionManagerKt$transaction$1.invoke(ThreadLocalTransactionManager.kt:279)
	at org.jetbrains.exposed.sql.transactions.ThreadLocalTransactionManagerKt.keepAndRestoreTransactionRefAfterRun(ThreadLocalTransactionManager.kt:379)
	at org.jetbrains.exposed.sql.transactions.ThreadLocalTransactionManagerKt.transaction(ThreadLocalTransactionManager.kt:249)
	at org.jetbrains.exposed.sql.transactions.ThreadLocalTransactionManagerKt.transaction(ThreadLocalTransactionManager.kt:227)
	at org.jetbrains.exposed.sql.transactions.ThreadLocalTransactionManagerKt.transaction$default(ThreadLocalTransactionManager.kt:226)
	at com.geospatial.processing.data.repository.GeoRepository$getAllRecords$2.invokeSuspend(GeoRepository.kt:36)
	at kotlin.coroutines.jvm.internal.BaseContinuationImpl.resumeWith(ContinuationImpl.kt:33)
	at kotlinx.coroutines.DispatchedTask.run(DispatchedTask.kt:104)
	at kotlinx.coroutines.internal.LimitedDispatcher$Worker.run(LimitedDispatcher.kt:111)
	at kotlinx.coroutines.scheduling.TaskImpl.run(Tasks.kt:99)
	at kotlinx.coroutines.scheduling.CoroutineScheduler.runSafely(CoroutineScheduler.kt:585)
	at kotlinx.coroutines.scheduling.CoroutineScheduler$Worker.executeTask(CoroutineScheduler.kt:802)
	at kotlinx.coroutines.scheduling.CoroutineScheduler$Worker.runWorker(CoroutineScheduler.kt:706)
	at kotlinx.coroutines.scheduling.CoroutineScheduler$Worker.run(CoroutineScheduler.kt:693)
Caused by: org.sqlite.SQLiteException: [SQLITE_ERROR] SQL error or missing database (no such column: geo_data.report_type)
	at org.sqlite.core.DB.newSQLException(DB.java:1179)
	at org.sqlite.core.DB.newSQLException(DB.java:1190)
	at org.sqlite.core.DB.throwex(DB.java:1150)
	at org.sqlite.core.NativeDB.prepare_utf8(Native Method)
	at org.sqlite.core.NativeDB.prepare(NativeDB.java:132)
	at org.sqlite.core.DB.prepare(DB.java:264)
	at org.sqlite.core.CorePreparedStatement.<init>(CorePreparedStatement.java:46)
	at org.sqlite.jdbc3.JDBC3PreparedStatement.<init>(JDBC3PreparedStatement.java:32)
	at org.sqlite.jdbc4.JDBC4PreparedStatement.<init>(JDBC4PreparedStatement.java:25)
	at org.sqlite.jdbc4.JDBC4Connection.prepareStatement(JDBC4Connection.java:34)
	at org.sqlite.jdbc3.JDBC3Connection.prepareStatement(JDBC3Connection.java:225)
	at org.sqlite.jdbc3.JDBC3Connection.prepareStatement(JDBC3Connection.java:205)
	at org.sqlite.jdbc3.JDBC3Connection.prepareStatement(JDBC3Connection.java:210)
	at org.jetbrains.exposed.sql.statements.jdbc.JdbcConnectionImpl.prepareStatement(JdbcConnectionImpl.kt:80)
	at org.jetbrains.exposed.sql.statements.Statement.prepared(Statement.kt:46)
	at org.jetbrains.exposed.sql.statements.Statement.executeIn$exposed_core(Statement.kt:79)
	... 25 common frames omitted
2026-03-31 13:35:09 [DefaultDispatcher-worker-1] INFO  c.g.p.d.usecase.CsvImportService - Starting CSV import from file: C:\Users\Utkarsh\OneDrive\Desktop\SAMPLE CSV\dataCSV.csv
2026-03-31 13:35:09 [DefaultDispatcher-worker-1] INFO  c.g.p.d.usecase.CsvImportService - Found 4 records in CSV. Beginning database insertion.
2026-03-31 13:36:17 [DefaultDispatcher-worker-3] INFO  c.g.p.d.usecase.CsvImportService - Starting CSV import from file: C:\Users\Utkarsh\OneDrive\Desktop\Sample.csv
2026-03-31 13:36:17 [DefaultDispatcher-worker-3] INFO  c.g.p.d.usecase.CsvImportService - Found 999 records in CSV. Beginning database insertion.
2026-03-31 13:36:45 [DefaultDispatcher-worker-3] INFO  c.g.p.d.usecase.PdfGenerationService - Starting bulk ZIP export to: C:\Users\Utkarsh\OneDrive\Desktop\sampelreportpdf.zip
2026-03-31 13:38:36 [DefaultDispatcher-worker-1] INFO  c.g.p.d.usecase.CsvImportService - Starting CSV import from file: C:\Users\Utkarsh\OneDrive\Desktop\Sample.csv
2026-03-31 13:38:36 [DefaultDispatcher-worker-1] INFO  c.g.p.d.usecase.CsvImportService - Found 4 records in CSV. Beginning database insertion.
2026-03-31 13:38:49 [DefaultDispatcher-worker-1] INFO  c.g.p.d.usecase.PdfGenerationService - Starting bulk ZIP export to: C:\Users\Utkarsh\OneDrive\Desktop\heloomore.zip
2026-03-31 13:56:24 [DefaultDispatcher-worker-1] INFO  c.g.p.d.usecase.CsvImportService - Starting CSV import from file: C:\Users\Utkarsh\OneDrive\Desktop\Sample.csv
2026-03-31 13:56:24 [DefaultDispatcher-worker-1] INFO  c.g.p.d.usecase.CsvImportService - Found 4 records in CSV. Beginning database insertion.
2026-03-31 14:04:19 [DefaultDispatcher-worker-3] INFO  c.g.p.d.usecase.CsvImportService - Starting CSV import from file: C:\Users\Utkarsh\OneDrive\Desktop\Sample.csv
2026-03-31 14:04:19 [DefaultDispatcher-worker-3] INFO  c.g.p.d.usecase.CsvImportService - Found 4 records in CSV. Beginning database insertion.
2026-03-31 14:06:58 [DefaultDispatcher-worker-1] INFO  c.g.p.d.usecase.CsvImportService - Starting CSV import from file: C:\Users\Utkarsh\OneDrive\Desktop\Sample.csv
2026-03-31 14:06:58 [DefaultDispatcher-worker-1] INFO  c.g.p.d.usecase.CsvImportService - Found 4 records in CSV. Beginning database insertion.
2026-03-31 14:11:45 [DefaultDispatcher-worker-1] INFO  c.g.p.d.usecase.CsvImportService - Starting CSV import from file: C:\Users\Utkarsh\OneDrive\Desktop\Sample.csv
2026-03-31 14:11:45 [DefaultDispatcher-worker-1] INFO  c.g.p.d.usecase.CsvImportService - Found 4 records in CSV. Beginning database insertion.
2026-03-31 14:19:09 [DefaultDispatcher-worker-2] INFO  c.g.p.d.usecase.CsvImportService - Starting CSV import from file: C:\Users\Utkarsh\OneDrive\Desktop\Sample.csv
2026-03-31 14:19:09 [DefaultDispatcher-worker-2] INFO  c.g.p.d.usecase.CsvImportService - Found 4 records in CSV. Beginning database insertion.
2026-03-31 14:20:53 [DefaultDispatcher-worker-2] INFO  c.g.p.d.usecase.PdfGenerationService - Starting bulk ZIP export to: C:\Users\Utkarsh\OneDrive\Desktop\Tower_Reports.zip
2026-03-31 15:10:19 [DefaultDispatcher-worker-1] INFO  c.g.p.d.usecase.PdfGenerationService - Starting bulk ZIP export to: C:\Users\Utkarsh\OneDrive\Desktop\tower_reports.zip
2026-03-31 15:24:37 [DefaultDispatcher-worker-1] INFO  c.g.p.d.usecase.CsvImportService - Starting CSV import from file: C:\Users\Utkarsh\OneDrive\Desktop\Sample.csv
2026-03-31 15:24:37 [DefaultDispatcher-worker-1] INFO  c.g.p.d.usecase.CsvImportService - Found 4 records in CSV. Beginning database insertion.
2026-03-31 19:10:01 [DefaultDispatcher-worker-1] INFO  c.g.p.d.usecase.CsvImportService - Starting CSV import from file: C:\Users\Utkarsh\OneDrive\Desktop\Sample.csv
2026-03-31 19:10:01 [DefaultDispatcher-worker-1] INFO  c.g.p.d.usecase.CsvImportService - Found 4 records in CSV. Beginning database insertion.
2026-03-31 19:20:13 [DefaultDispatcher-worker-1] INFO  c.g.p.d.usecase.CsvImportService - Starting CSV import from file: C:\Users\Utkarsh\OneDrive\Desktop\Sample.csv
2026-03-31 19:20:13 [DefaultDispatcher-worker-1] INFO  c.g.p.d.usecase.CsvImportService - Found 4 records in CSV. Beginning database insertion.
2026-03-31 19:20:42 [DefaultDispatcher-worker-1] INFO  c.g.p.d.usecase.PdfGenerationService - Starting bulk ZIP export to: C:\Users\Utkarsh\OneDrive\Desktop\TowerReports.zip
2026-03-31 19:26:26 [DefaultDispatcher-worker-1] INFO  c.g.p.d.usecase.PdfGenerationService - Starting bulk ZIP export to: C:\Users\Utkarsh\OneDrive\Desktop\towerReports.zip
2026-03-31 19:45:09 [DefaultDispatcher-worker-1] INFO  c.g.p.d.usecase.PdfGenerationService - Starting bulk ZIP export to: C:\Users\Utkarsh\OneDrive\Desktop\towerReports.zip
