2026-03-17 14:58:29 [DefaultDispatcher-worker-1] INFO  c.g.p.d.usecase.PdfGenerationService - Starting bulk ZIP export to: C:\Users\Utkarsh\OneDrive\Desktop\Tower_Bulk_Reports.zip
2026-03-17 14:58:30 [DefaultDispatcher-worker-1] INFO  c.g.p.d.usecase.PdfGenerationService - Successfully exported 4 records to ZIP.
2026-03-17 14:58:30 [DefaultDispatcher-worker-1] INFO  c.g.p.d.usecase.PdfGenerationService - Successfully exported 4 records to ZIP.
2026-03-17 14:58:31 [DefaultDispatcher-worker-1] INFO  c.g.p.d.usecase.PdfGenerationService - Successfully exported 4 records to ZIP.
2026-03-17 14:58:31 [DefaultDispatcher-worker-1] INFO  c.g.p.d.usecase.PdfGenerationService - Successfully exported 4 records to ZIP.
2026-03-17 15:06:00 [DefaultDispatcher-worker-2] INFO  c.g.p.d.usecase.CsvImportService - Starting CSV import from file: C:\Users\Utkarsh\OneDrive\Desktop\Sample.csv
2026-03-17 15:06:00 [DefaultDispatcher-worker-2] INFO  c.g.p.d.usecase.CsvImportService - Found 999 records in CSV. Beginning database insertion.
2026-03-17 15:07:42 [AWT-EventQueue-0] WARN  Exposed - Transaction attempt #0 failed: [SQLITE_NOTADB] File opened that is not a database file (file is not a database). Statement(s): null
org.sqlite.SQLiteException: [SQLITE_NOTADB] File opened that is not a database file (file is not a database)
	at org.sqlite.core.DB.newSQLException(DB.java:1179)
	at org.sqlite.core.DB.newSQLException(DB.java:1190)
	at org.sqlite.core.DB.execute(DB.java:988)
	at org.sqlite.core.CoreStatement.exec(CoreStatement.java:91)
	at org.sqlite.jdbc3.JDBC3Statement.lambda$executeQuery$1(JDBC3Statement.java:88)
	at org.sqlite.jdbc3.JDBC3Statement.withConnectionTimeout(JDBC3Statement.java:454)
	at org.sqlite.jdbc3.JDBC3Statement.executeQuery(JDBC3Statement.java:84)
	at org.sqlite.jdbc3.JDBC3Statement.executeQuery(JDBC3Statement.java:76)
	at org.sqlite.jdbc3.JDBC3DatabaseMetaData.getTables(JDBC3DatabaseMetaData.java:1747)
	at org.jetbrains.exposed.sql.statements.jdbc.JdbcDatabaseMetadataImpl.tableNamesFor(JdbcDatabaseMetadataImpl.kt:109)
	at org.jetbrains.exposed.sql.statements.jdbc.JdbcDatabaseMetadataImpl.access$tableNamesFor(JdbcDatabaseMetadataImpl.kt:17)
	at org.jetbrains.exposed.sql.statements.jdbc.JdbcDatabaseMetadataImpl$tableNames$1.invoke(JdbcDatabaseMetadataImpl.kt:99)
	at org.jetbrains.exposed.sql.statements.jdbc.JdbcDatabaseMetadataImpl$tableNames$1.invoke(JdbcDatabaseMetadataImpl.kt:98)
	at org.jetbrains.exposed.sql.statements.jdbc.JdbcDatabaseMetadataImpl$CachableMapWithDefault.get(JdbcDatabaseMetadataImpl.kt:92)
	at kotlin.collections.MapsKt__MapWithDefaultKt.getOrImplicitDefaultNullable(MapWithDefault.kt:105)
	at kotlin.collections.MapsKt__MapsKt.getValue(Maps.kt:360)
	at org.jetbrains.exposed.sql.statements.jdbc.JdbcDatabaseMetadataImpl.tableNamesByCurrentSchema(JdbcDatabaseMetadataImpl.kt:135)
	at org.jetbrains.exposed.sql.vendors.VendorDialect$tableExists$2$1.invoke(VendorDialect.kt:70)
	at org.jetbrains.exposed.sql.vendors.VendorDialect$tableExists$2$1.invoke(VendorDialect.kt:69)
	at org.jetbrains.exposed.sql.statements.jdbc.JdbcConnectionImpl.metadata(JdbcConnectionImpl.kt:72)
	at org.jetbrains.exposed.sql.vendors.VendorDialect.tableExists(VendorDialect.kt:69)
	at org.jetbrains.exposed.sql.QueriesKt.exists(Queries.kt:607)
	at org.jetbrains.exposed.sql.SchemaUtils.createStatements(SchemaUtils.kt:102)
	at org.jetbrains.exposed.sql.SchemaUtils.create(SchemaUtils.kt:373)
	at org.jetbrains.exposed.sql.SchemaUtils.create$default(SchemaUtils.kt:371)
	at com.geospatial.processing.config.DatabaseConfig$init$2.invoke(DataBaseConfig.kt:47)
	at com.geospatial.processing.config.DatabaseConfig$init$2.invoke(DataBaseConfig.kt:45)
	at org.jetbrains.exposed.sql.transactions.ThreadLocalTransactionManagerKt.inTopLevelTransaction$run(ThreadLocalTransactionManager.kt:324)
	at org.jetbrains.exposed.sql.transactions.ThreadLocalTransactionManagerKt.access$inTopLevelTransaction$run(ThreadLocalTransactionManager.kt:1)
	at org.jetbrains.exposed.sql.transactions.ThreadLocalTransactionManagerKt$inTopLevelTransaction$1.invoke(ThreadLocalTransactionManager.kt:371)
	at org.jetbrains.exposed.sql.transactions.ThreadLocalTransactionManagerKt.keepAndRestoreTransactionRefAfterRun(ThreadLocalTransactionManager.kt:379)
	at org.jetbrains.exposed.sql.transactions.ThreadLocalTransactionManagerKt.inTopLevelTransaction(ThreadLocalTransactionManager.kt:370)
	at org.jetbrains.exposed.sql.transactions.ThreadLocalTransactionManagerKt$transaction$1.invoke(ThreadLocalTransactionManager.kt:279)
	at org.jetbrains.exposed.sql.transactions.ThreadLocalTransactionManagerKt.keepAndRestoreTransactionRefAfterRun(ThreadLocalTransactionManager.kt:379)
	at org.jetbrains.exposed.sql.transactions.ThreadLocalTransactionManagerKt.transaction(ThreadLocalTransactionManager.kt:249)
	at org.jetbrains.exposed.sql.transactions.ThreadLocalTransactionManagerKt.transaction(ThreadLocalTransactionManager.kt:227)
	at org.jetbrains.exposed.sql.transactions.ThreadLocalTransactionManagerKt.transaction$default(ThreadLocalTransactionManager.kt:226)
	at com.geospatial.processing.config.DatabaseConfig.init(DataBaseConfig.kt:45)
	at com.geospatial.processing.ComposableSingletons$MainKt$lambda-1$1.invoke(Main.kt:15)
	at com.geospatial.processing.ComposableSingletons$MainKt$lambda-1$1.invoke(Main.kt:14)
	at androidx.compose.runtime.internal.ComposableLambdaImpl.invoke(ComposableLambda.jvm.kt:117)
	at androidx.compose.runtime.internal.ComposableLambdaImpl.invoke(ComposableLambda.jvm.kt:35)
	at androidx.compose.ui.window.Application_desktopKt$application$1$1.invoke(Application.desktop.kt:115)
	at androidx.compose.ui.window.Application_desktopKt$application$1$1.invoke(Application.desktop.kt:114)
	at androidx.compose.runtime.internal.ComposableLambdaImpl.invoke(ComposableLambda.jvm.kt:117)
	at androidx.compose.runtime.internal.ComposableLambdaImpl.invoke(ComposableLambda.jvm.kt:35)
	at androidx.compose.ui.window.Application_desktopKt$awaitApplication$2$1$2$1$1.invoke(Application.desktop.kt:227)
	at androidx.compose.ui.window.Application_desktopKt$awaitApplication$2$1$2$1$1.invoke(Application.desktop.kt:226)
	at androidx.compose.runtime.internal.ComposableLambdaImpl.invoke(ComposableLambda.jvm.kt:108)
	at androidx.compose.runtime.internal.ComposableLambdaImpl.invoke(ComposableLambda.jvm.kt:35)
	at androidx.compose.runtime.CompositionLocalKt.CompositionLocalProvider(CompositionLocal.kt:228)
	at androidx.compose.ui.window.Application_desktopKt$awaitApplication$2$1$2$1.invoke(Application.desktop.kt:221)
	at androidx.compose.ui.window.Application_desktopKt$awaitApplication$2$1$2$1.invoke(Application.desktop.kt:219)
	at androidx.compose.runtime.internal.ComposableLambdaImpl.invoke(ComposableLambda.jvm.kt:108)
	at androidx.compose.runtime.internal.ComposableLambdaImpl.invoke(ComposableLambda.jvm.kt:35)
	at androidx.compose.runtime.ActualJvm_jvmKt.invokeComposable(ActualJvm.jvm.kt:39)
	at androidx.compose.runtime.ComposerImpl.doCompose(Composer.kt:3341)
	at androidx.compose.runtime.ComposerImpl.composeContent$runtime(Composer.kt:3274)
	at androidx.compose.runtime.CompositionImpl.composeContent(Composition.kt:588)
	at androidx.compose.runtime.Recomposer.composeInitial$runtime(Recomposer.kt:1013)
	at androidx.compose.runtime.CompositionImpl.setContent(Composition.kt:520)
	at androidx.compose.ui.window.Application_desktopKt$awaitApplication$2$1$2.invokeSuspend(Application.desktop.kt:219)
	at kotlin.coroutines.jvm.internal.BaseContinuationImpl.resumeWith(ContinuationImpl.kt:33)
	at kotlinx.coroutines.DispatchedTask.run(DispatchedTask.kt:104)
	at java.desktop/java.awt.event.InvocationEvent.dispatch(InvocationEvent.java:318)
	at java.desktop/java.awt.EventQueue.dispatchEventImpl(EventQueue.java:773)
	at java.desktop/java.awt.EventQueue$4.run(EventQueue.java:720)
	at java.desktop/java.awt.EventQueue$4.run(EventQueue.java:714)
	at java.base/java.security.AccessController.doPrivileged(AccessController.java:400)
	at java.base/java.security.ProtectionDomain$JavaSecurityAccessImpl.doIntersectionPrivilege(ProtectionDomain.java:87)
	at java.desktop/java.awt.EventQueue.dispatchEvent(EventQueue.java:742)
	at java.desktop/java.awt.EventDispatchThread.pumpOneEventForFilters(EventDispatchThread.java:203)
	at java.desktop/java.awt.EventDispatchThread.pumpEventsForFilter(EventDispatchThread.java:124)
	at java.desktop/java.awt.EventDispatchThread.pumpEventsForHierarchy(EventDispatchThread.java:113)
	at java.desktop/java.awt.EventDispatchThread.pumpEvents(EventDispatchThread.java:109)
	at java.desktop/java.awt.EventDispatchThread.pumpEvents(EventDispatchThread.java:101)
	at java.desktop/java.awt.EventDispatchThread.run(EventDispatchThread.java:90)
2026-03-17 15:07:42 [AWT-EventQueue-0] WARN  Exposed - Wait 0 milliseconds before retrying
2026-03-17 15:07:42 [AWT-EventQueue-0] WARN  Exposed - Transaction attempt #1 failed: connection closed. Statement(s): null
java.sql.SQLException: connection closed
	at org.sqlite.core.CoreDatabaseMetaData.checkOpen(CoreDatabaseMetaData.java:65)
	at org.sqlite.jdbc3.JDBC3DatabaseMetaData.getTables(JDBC3DatabaseMetaData.java:1682)
	at org.jetbrains.exposed.sql.statements.jdbc.JdbcDatabaseMetadataImpl.tableNamesFor(JdbcDatabaseMetadataImpl.kt:109)
	at org.jetbrains.exposed.sql.statements.jdbc.JdbcDatabaseMetadataImpl.access$tableNamesFor(JdbcDatabaseMetadataImpl.kt:17)
	at org.jetbrains.exposed.sql.statements.jdbc.JdbcDatabaseMetadataImpl$tableNames$1.invoke(JdbcDatabaseMetadataImpl.kt:99)
	at org.jetbrains.exposed.sql.statements.jdbc.JdbcDatabaseMetadataImpl$tableNames$1.invoke(JdbcDatabaseMetadataImpl.kt:98)
	at org.jetbrains.exposed.sql.statements.jdbc.JdbcDatabaseMetadataImpl$CachableMapWithDefault.get(JdbcDatabaseMetadataImpl.kt:92)
	at kotlin.collections.MapsKt__MapWithDefaultKt.getOrImplicitDefaultNullable(MapWithDefault.kt:105)
	at kotlin.collections.MapsKt__MapsKt.getValue(Maps.kt:360)
	at org.jetbrains.exposed.sql.statements.jdbc.JdbcDatabaseMetadataImpl.tableNamesByCurrentSchema(JdbcDatabaseMetadataImpl.kt:135)
	at org.jetbrains.exposed.sql.vendors.VendorDialect$tableExists$2$1.invoke(VendorDialect.kt:70)
	at org.jetbrains.exposed.sql.vendors.VendorDialect$tableExists$2$1.invoke(VendorDialect.kt:69)
	at org.jetbrains.exposed.sql.statements.jdbc.JdbcConnectionImpl.metadata(JdbcConnectionImpl.kt:72)
	at org.jetbrains.exposed.sql.vendors.VendorDialect.tableExists(VendorDialect.kt:69)
	at org.jetbrains.exposed.sql.QueriesKt.exists(Queries.kt:607)
	at org.jetbrains.exposed.sql.SchemaUtils.createStatements(SchemaUtils.kt:102)
	at org.jetbrains.exposed.sql.SchemaUtils.create(SchemaUtils.kt:373)
	at org.jetbrains.exposed.sql.SchemaUtils.create$default(SchemaUtils.kt:371)
	at com.geospatial.processing.config.DatabaseConfig$init$2.invoke(DataBaseConfig.kt:47)
	at com.geospatial.processing.config.DatabaseConfig$init$2.invoke(DataBaseConfig.kt:45)
	at org.jetbrains.exposed.sql.transactions.ThreadLocalTransactionManagerKt.inTopLevelTransaction$run(ThreadLocalTransactionManager.kt:324)
	at org.jetbrains.exposed.sql.transactions.ThreadLocalTransactionManagerKt.access$inTopLevelTransaction$run(ThreadLocalTransactionManager.kt:1)
	at org.jetbrains.exposed.sql.transactions.ThreadLocalTransactionManagerKt$inTopLevelTransaction$1.invoke(ThreadLocalTransactionManager.kt:371)
	at org.jetbrains.exposed.sql.transactions.ThreadLocalTransactionManagerKt.keepAndRestoreTransactionRefAfterRun(ThreadLocalTransactionManager.kt:379)
	at org.jetbrains.exposed.sql.transactions.ThreadLocalTransactionManagerKt.inTopLevelTransaction(ThreadLocalTransactionManager.kt:370)
	at org.jetbrains.exposed.sql.transactions.ThreadLocalTransactionManagerKt$transaction$1.invoke(ThreadLocalTransactionManager.kt:279)
	at org.jetbrains.exposed.sql.transactions.ThreadLocalTransactionManagerKt.keepAndRestoreTransactionRefAfterRun(ThreadLocalTransactionManager.kt:379)
	at org.jetbrains.exposed.sql.transactions.ThreadLocalTransactionManagerKt.transaction(ThreadLocalTransactionManager.kt:249)
	at org.jetbrains.exposed.sql.transactions.ThreadLocalTransactionManagerKt.transaction(ThreadLocalTransactionManager.kt:227)
	at org.jetbrains.exposed.sql.transactions.ThreadLocalTransactionManagerKt.transaction$default(ThreadLocalTransactionManager.kt:226)
	at com.geospatial.processing.config.DatabaseConfig.init(DataBaseConfig.kt:45)
	at com.geospatial.processing.ComposableSingletons$MainKt$lambda-1$1.invoke(Main.kt:15)
	at com.geospatial.processing.ComposableSingletons$MainKt$lambda-1$1.invoke(Main.kt:14)
	at androidx.compose.runtime.internal.ComposableLambdaImpl.invoke(ComposableLambda.jvm.kt:117)
	at androidx.compose.runtime.internal.ComposableLambdaImpl.invoke(ComposableLambda.jvm.kt:35)
	at androidx.compose.ui.window.Application_desktopKt$application$1$1.invoke(Application.desktop.kt:115)
	at androidx.compose.ui.window.Application_desktopKt$application$1$1.invoke(Application.desktop.kt:114)
	at androidx.compose.runtime.internal.ComposableLambdaImpl.invoke(ComposableLambda.jvm.kt:117)
	at androidx.compose.runtime.internal.ComposableLambdaImpl.invoke(ComposableLambda.jvm.kt:35)
	at androidx.compose.ui.window.Application_desktopKt$awaitApplication$2$1$2$1$1.invoke(Application.desktop.kt:227)
	at androidx.compose.ui.window.Application_desktopKt$awaitApplication$2$1$2$1$1.invoke(Application.desktop.kt:226)
	at androidx.compose.runtime.internal.ComposableLambdaImpl.invoke(ComposableLambda.jvm.kt:108)
	at androidx.compose.runtime.internal.ComposableLambdaImpl.invoke(ComposableLambda.jvm.kt:35)
	at androidx.compose.runtime.CompositionLocalKt.CompositionLocalProvider(CompositionLocal.kt:228)
	at androidx.compose.ui.window.Application_desktopKt$awaitApplication$2$1$2$1.invoke(Application.desktop.kt:221)
	at androidx.compose.ui.window.Application_desktopKt$awaitApplication$2$1$2$1.invoke(Application.desktop.kt:219)
	at androidx.compose.runtime.internal.ComposableLambdaImpl.invoke(ComposableLambda.jvm.kt:108)
	at androidx.compose.runtime.internal.ComposableLambdaImpl.invoke(ComposableLambda.jvm.kt:35)
	at androidx.compose.runtime.ActualJvm_jvmKt.invokeComposable(ActualJvm.jvm.kt:39)
	at androidx.compose.runtime.ComposerImpl.doCompose(Composer.kt:3341)
	at androidx.compose.runtime.ComposerImpl.composeContent$runtime(Composer.kt:3274)
	at androidx.compose.runtime.CompositionImpl.composeContent(Composition.kt:588)
	at androidx.compose.runtime.Recomposer.composeInitial$runtime(Recomposer.kt:1013)
	at androidx.compose.runtime.CompositionImpl.setContent(Composition.kt:520)
	at androidx.compose.ui.window.Application_desktopKt$awaitApplication$2$1$2.invokeSuspend(Application.desktop.kt:219)
	at kotlin.coroutines.jvm.internal.BaseContinuationImpl.resumeWith(ContinuationImpl.kt:33)
	at kotlinx.coroutines.DispatchedTask.run(DispatchedTask.kt:104)
	at java.desktop/java.awt.event.InvocationEvent.dispatch(InvocationEvent.java:318)
	at java.desktop/java.awt.EventQueue.dispatchEventImpl(EventQueue.java:773)
	at java.desktop/java.awt.EventQueue$4.run(EventQueue.java:720)
	at java.desktop/java.awt.EventQueue$4.run(EventQueue.java:714)
	at java.base/java.security.AccessController.doPrivileged(AccessController.java:400)
	at java.base/java.security.ProtectionDomain$JavaSecurityAccessImpl.doIntersectionPrivilege(ProtectionDomain.java:87)
	at java.desktop/java.awt.EventQueue.dispatchEvent(EventQueue.java:742)
	at java.desktop/java.awt.EventDispatchThread.pumpOneEventForFilters(EventDispatchThread.java:203)
	at java.desktop/java.awt.EventDispatchThread.pumpEventsForFilter(EventDispatchThread.java:124)
	at java.desktop/java.awt.EventDispatchThread.pumpEventsForHierarchy(EventDispatchThread.java:113)
	at java.desktop/java.awt.EventDispatchThread.pumpEvents(EventDispatchThread.java:109)
	at java.desktop/java.awt.EventDispatchThread.pumpEvents(EventDispatchThread.java:101)
	at java.desktop/java.awt.EventDispatchThread.run(EventDispatchThread.java:90)
2026-03-17 15:07:42 [AWT-EventQueue-0] WARN  Exposed - Wait 0 milliseconds before retrying
2026-03-17 15:07:42 [AWT-EventQueue-0] WARN  Exposed - Transaction attempt #2 failed: connection closed. Statement(s): null
java.sql.SQLException: connection closed
	at org.sqlite.core.CoreDatabaseMetaData.checkOpen(CoreDatabaseMetaData.java:65)
	at org.sqlite.jdbc3.JDBC3DatabaseMetaData.getTables(JDBC3DatabaseMetaData.java:1682)
	at org.jetbrains.exposed.sql.statements.jdbc.JdbcDatabaseMetadataImpl.tableNamesFor(JdbcDatabaseMetadataImpl.kt:109)
	at org.jetbrains.exposed.sql.statements.jdbc.JdbcDatabaseMetadataImpl.access$tableNamesFor(JdbcDatabaseMetadataImpl.kt:17)
	at org.jetbrains.exposed.sql.statements.jdbc.JdbcDatabaseMetadataImpl$tableNames$1.invoke(JdbcDatabaseMetadataImpl.kt:99)
	at org.jetbrains.exposed.sql.statements.jdbc.JdbcDatabaseMetadataImpl$tableNames$1.invoke(JdbcDatabaseMetadataImpl.kt:98)
	at org.jetbrains.exposed.sql.statements.jdbc.JdbcDatabaseMetadataImpl$CachableMapWithDefault.get(JdbcDatabaseMetadataImpl.kt:92)
	at kotlin.collections.MapsKt__MapWithDefaultKt.getOrImplicitDefaultNullable(MapWithDefault.kt:105)
	at kotlin.collections.MapsKt__MapsKt.getValue(Maps.kt:360)
	at org.jetbrains.exposed.sql.statements.jdbc.JdbcDatabaseMetadataImpl.tableNamesByCurrentSchema(JdbcDatabaseMetadataImpl.kt:135)
	at org.jetbrains.exposed.sql.vendors.VendorDialect$tableExists$2$1.invoke(VendorDialect.kt:70)
	at org.jetbrains.exposed.sql.vendors.VendorDialect$tableExists$2$1.invoke(VendorDialect.kt:69)
	at org.jetbrains.exposed.sql.statements.jdbc.JdbcConnectionImpl.metadata(JdbcConnectionImpl.kt:72)
	at org.jetbrains.exposed.sql.vendors.VendorDialect.tableExists(VendorDialect.kt:69)
	at org.jetbrains.exposed.sql.QueriesKt.exists(Queries.kt:607)
	at org.jetbrains.exposed.sql.SchemaUtils.createStatements(SchemaUtils.kt:102)
	at org.jetbrains.exposed.sql.SchemaUtils.create(SchemaUtils.kt:373)
	at org.jetbrains.exposed.sql.SchemaUtils.create$default(SchemaUtils.kt:371)
	at com.geospatial.processing.config.DatabaseConfig$init$2.invoke(DataBaseConfig.kt:47)
	at com.geospatial.processing.config.DatabaseConfig$init$2.invoke(DataBaseConfig.kt:45)
	at org.jetbrains.exposed.sql.transactions.ThreadLocalTransactionManagerKt.inTopLevelTransaction$run(ThreadLocalTransactionManager.kt:324)
	at org.jetbrains.exposed.sql.transactions.ThreadLocalTransactionManagerKt.access$inTopLevelTransaction$run(ThreadLocalTransactionManager.kt:1)
	at org.jetbrains.exposed.sql.transactions.ThreadLocalTransactionManagerKt$inTopLevelTransaction$1.invoke(ThreadLocalTransactionManager.kt:371)
	at org.jetbrains.exposed.sql.transactions.ThreadLocalTransactionManagerKt.keepAndRestoreTransactionRefAfterRun(ThreadLocalTransactionManager.kt:379)
	at org.jetbrains.exposed.sql.transactions.ThreadLocalTransactionManagerKt.inTopLevelTransaction(ThreadLocalTransactionManager.kt:370)
	at org.jetbrains.exposed.sql.transactions.ThreadLocalTransactionManagerKt$transaction$1.invoke(ThreadLocalTransactionManager.kt:279)
	at org.jetbrains.exposed.sql.transactions.ThreadLocalTransactionManagerKt.keepAndRestoreTransactionRefAfterRun(ThreadLocalTransactionManager.kt:379)
	at org.jetbrains.exposed.sql.transactions.ThreadLocalTransactionManagerKt.transaction(ThreadLocalTransactionManager.kt:249)
	at org.jetbrains.exposed.sql.transactions.ThreadLocalTransactionManagerKt.transaction(ThreadLocalTransactionManager.kt:227)
	at org.jetbrains.exposed.sql.transactions.ThreadLocalTransactionManagerKt.transaction$default(ThreadLocalTransactionManager.kt:226)
	at com.geospatial.processing.config.DatabaseConfig.init(DataBaseConfig.kt:45)
	at com.geospatial.processing.ComposableSingletons$MainKt$lambda-1$1.invoke(Main.kt:15)
	at com.geospatial.processing.ComposableSingletons$MainKt$lambda-1$1.invoke(Main.kt:14)
	at androidx.compose.runtime.internal.ComposableLambdaImpl.invoke(ComposableLambda.jvm.kt:117)
	at androidx.compose.runtime.internal.ComposableLambdaImpl.invoke(ComposableLambda.jvm.kt:35)
	at androidx.compose.ui.window.Application_desktopKt$application$1$1.invoke(Application.desktop.kt:115)
	at androidx.compose.ui.window.Application_desktopKt$application$1$1.invoke(Application.desktop.kt:114)
	at androidx.compose.runtime.internal.ComposableLambdaImpl.invoke(ComposableLambda.jvm.kt:117)
	at androidx.compose.runtime.internal.ComposableLambdaImpl.invoke(ComposableLambda.jvm.kt:35)
	at androidx.compose.ui.window.Application_desktopKt$awaitApplication$2$1$2$1$1.invoke(Application.desktop.kt:227)
	at androidx.compose.ui.window.Application_desktopKt$awaitApplication$2$1$2$1$1.invoke(Application.desktop.kt:226)
	at androidx.compose.runtime.internal.ComposableLambdaImpl.invoke(ComposableLambda.jvm.kt:108)
	at androidx.compose.runtime.internal.ComposableLambdaImpl.invoke(ComposableLambda.jvm.kt:35)
	at androidx.compose.runtime.CompositionLocalKt.CompositionLocalProvider(CompositionLocal.kt:228)
	at androidx.compose.ui.window.Application_desktopKt$awaitApplication$2$1$2$1.invoke(Application.desktop.kt:221)
	at androidx.compose.ui.window.Application_desktopKt$awaitApplication$2$1$2$1.invoke(Application.desktop.kt:219)
	at androidx.compose.runtime.internal.ComposableLambdaImpl.invoke(ComposableLambda.jvm.kt:108)
	at androidx.compose.runtime.internal.ComposableLambdaImpl.invoke(ComposableLambda.jvm.kt:35)
	at androidx.compose.runtime.ActualJvm_jvmKt.invokeComposable(ActualJvm.jvm.kt:39)
	at androidx.compose.runtime.ComposerImpl.doCompose(Composer.kt:3341)
	at androidx.compose.runtime.ComposerImpl.composeContent$runtime(Composer.kt:3274)
	at androidx.compose.runtime.CompositionImpl.composeContent(Composition.kt:588)
	at androidx.compose.runtime.Recomposer.composeInitial$runtime(Recomposer.kt:1013)
	at androidx.compose.runtime.CompositionImpl.setContent(Composition.kt:520)
	at androidx.compose.ui.window.Application_desktopKt$awaitApplication$2$1$2.invokeSuspend(Application.desktop.kt:219)
	at kotlin.coroutines.jvm.internal.BaseContinuationImpl.resumeWith(ContinuationImpl.kt:33)
	at kotlinx.coroutines.DispatchedTask.run(DispatchedTask.kt:104)
	at java.desktop/java.awt.event.InvocationEvent.dispatch(InvocationEvent.java:318)
	at java.desktop/java.awt.EventQueue.dispatchEventImpl(EventQueue.java:773)
	at java.desktop/java.awt.EventQueue$4.run(EventQueue.java:720)
	at java.desktop/java.awt.EventQueue$4.run(EventQueue.java:714)
	at java.base/java.security.AccessController.doPrivileged(AccessController.java:400)
	at java.base/java.security.ProtectionDomain$JavaSecurityAccessImpl.doIntersectionPrivilege(ProtectionDomain.java:87)
	at java.desktop/java.awt.EventQueue.dispatchEvent(EventQueue.java:742)
	at java.desktop/java.awt.EventDispatchThread.pumpOneEventForFilters(EventDispatchThread.java:203)
	at java.desktop/java.awt.EventDispatchThread.pumpEventsForFilter(EventDispatchThread.java:124)
	at java.desktop/java.awt.EventDispatchThread.pumpEventsForHierarchy(EventDispatchThread.java:113)
	at java.desktop/java.awt.EventDispatchThread.pumpEvents(EventDispatchThread.java:109)
	at java.desktop/java.awt.EventDispatchThread.pumpEvents(EventDispatchThread.java:101)
	at java.desktop/java.awt.EventDispatchThread.run(EventDispatchThread.java:90)
2026-03-17 15:10:59 [DefaultDispatcher-worker-2] WARN  Exposed - Transaction attempt #0 failed: org.sqlite.SQLiteException: [SQLITE_NOTADB] File opened that is not a database file (file is not a database). Statement(s): SELECT geo_data.id, geo_data.line_name, geo_data.tower_number, geo_data.circuit, geo_data.latitude, geo_data.longitude, geo_data.humidity, geo_data.emissivity, geo_data.ambient_temp, geo_data.load_val, geo_data.fault_desc, geo_data.fault_temp, geo_data.img_thermal, geo_data.img_visual, geo_data.img_tower, geo_data.img_extra, geo_data.status, geo_data.updated_at FROM geo_data
org.jetbrains.exposed.exceptions.ExposedSQLException: org.sqlite.SQLiteException: [SQLITE_NOTADB] File opened that is not a database file (file is not a database)
	at org.jetbrains.exposed.sql.statements.Statement.executeIn$exposed_core(Statement.kt:83)
	at org.jetbrains.exposed.sql.Transaction.exec(Transaction.kt:292)
	at org.jetbrains.exposed.sql.Transaction.exec(Transaction.kt:269)
	at org.jetbrains.exposed.sql.AbstractQuery.iterator(AbstractQuery.kt:78)
	at org.jetbrains.exposed.sql.IterableExKt$mapLazy$1.iterator(IterableEx.kt:168)
	at com.geospatial.processing.data.repository.GeoRepository$getAllRecords$2$1.invoke(GeoRepository.kt:123)
	at com.geospatial.processing.data.repository.GeoRepository$getAllRecords$2$1.invoke(GeoRepository.kt:36)
	at org.jetbrains.exposed.sql.transactions.ThreadLocalTransactionManagerKt.inTopLevelTransaction$run(ThreadLocalTransactionManager.kt:324)
	at org.jetbrains.exposed.sql.transactions.ThreadLocalTransactionManagerKt.access$inTopLevelTransaction$run(ThreadLocalTransactionManager.kt:1)
	at org.jetbrains.exposed.sql.transactions.ThreadLocalTransactionManagerKt$inTopLevelTransaction$1.invoke(ThreadLocalTransactionManager.kt:371)
	at org.jetbrains.exposed.sql.transactions.ThreadLocalTransactionManagerKt.keepAndRestoreTransactionRefAfterRun(ThreadLocalTransactionManager.kt:379)
	at org.jetbrains.exposed.sql.transactions.ThreadLocalTransactionManagerKt.inTopLevelTransaction(ThreadLocalTransactionManager.kt:370)
	at org.jetbrains.exposed.sql.transactions.ThreadLocalTransactionManagerKt$transaction$1.invoke(ThreadLocalTransactionManager.kt:279)
	at org.jetbrains.exposed.sql.transactions.ThreadLocalTransactionManagerKt.keepAndRestoreTransactionRefAfterRun(ThreadLocalTransactionManager.kt:379)
	at org.jetbrains.exposed.sql.transactions.ThreadLocalTransactionManagerKt.transaction(ThreadLocalTransactionManager.kt:249)
	at org.jetbrains.exposed.sql.transactions.ThreadLocalTransactionManagerKt.transaction(ThreadLocalTransactionManager.kt:227)
	at org.jetbrains.exposed.sql.transactions.ThreadLocalTransactionManagerKt.transaction$default(ThreadLocalTransactionManager.kt:226)
	at com.geospatial.processing.data.repository.GeoRepository$getAllRecords$2.invokeSuspend(GeoRepository.kt:36)
	at kotlin.coroutines.jvm.internal.BaseContinuationImpl.resumeWith(ContinuationImpl.kt:33)
	at kotlinx.coroutines.DispatchedTask.run(DispatchedTask.kt:104)
	at kotlinx.coroutines.internal.LimitedDispatcher$Worker.run(LimitedDispatcher.kt:111)
	at kotlinx.coroutines.scheduling.TaskImpl.run(Tasks.kt:99)
	at kotlinx.coroutines.scheduling.CoroutineScheduler.runSafely(CoroutineScheduler.kt:585)
	at kotlinx.coroutines.scheduling.CoroutineScheduler$Worker.executeTask(CoroutineScheduler.kt:802)
	at kotlinx.coroutines.scheduling.CoroutineScheduler$Worker.runWorker(CoroutineScheduler.kt:706)
	at kotlinx.coroutines.scheduling.CoroutineScheduler$Worker.run(CoroutineScheduler.kt:693)
Caused by: org.sqlite.SQLiteException: [SQLITE_NOTADB] File opened that is not a database file (file is not a database)
	at org.sqlite.core.DB.newSQLException(DB.java:1179)
	at org.sqlite.core.DB.newSQLException(DB.java:1190)
	at org.sqlite.core.DB.throwex(DB.java:1150)
	at org.sqlite.core.NativeDB.prepare_utf8(Native Method)
	at org.sqlite.core.NativeDB.prepare(NativeDB.java:132)
	at org.sqlite.core.DB.prepare(DB.java:264)
	at org.sqlite.jdbc3.JDBC3Statement.lambda$execute$0(JDBC3Statement.java:54)
	at org.sqlite.jdbc3.JDBC3Statement.withConnectionTimeout(JDBC3Statement.java:454)
	at org.sqlite.jdbc3.JDBC3Statement.execute(JDBC3Statement.java:43)
	at org.sqlite.SQLiteConfig.apply(SQLiteConfig.java:196)
	at org.sqlite.SQLiteConnection.<init>(SQLiteConnection.java:73)
	at org.sqlite.jdbc3.JDBC3Connection.<init>(JDBC3Connection.java:28)
	at org.sqlite.jdbc4.JDBC4Connection.<init>(JDBC4Connection.java:19)
	at org.sqlite.JDBC.createConnection(JDBC.java:106)
	at org.sqlite.JDBC.connect(JDBC.java:79)
	at java.sql/java.sql.DriverManager.getConnection(DriverManager.java:683)
	at java.sql/java.sql.DriverManager.getConnection(DriverManager.java:230)
	at org.jetbrains.exposed.sql.Database$Companion$connect$8.invoke(Database.kt:287)
	at org.jetbrains.exposed.sql.Database$Companion$connect$8.invoke(Database.kt:283)
	at org.jetbrains.exposed.sql.Database$Companion$doConnect$3.invoke(Database.kt:165)
	at org.jetbrains.exposed.sql.Database$Companion$doConnect$3.invoke(Database.kt:166)
	at org.jetbrains.exposed.sql.transactions.ThreadLocalTransactionManager$ThreadLocalTransaction$connectionLazy$1.invoke(ThreadLocalTransactionManager.kt:138)
	at org.jetbrains.exposed.sql.transactions.ThreadLocalTransactionManager$ThreadLocalTransaction$connectionLazy$1.invoke(ThreadLocalTransactionManager.kt:137)
	at kotlin.UnsafeLazyImpl.getValue(Lazy.kt:81)
	at org.jetbrains.exposed.sql.transactions.ThreadLocalTransactionManager$ThreadLocalTransaction.getConnection(ThreadLocalTransactionManager.kt:163)
	at org.jetbrains.exposed.sql.Transaction.getConnection(Transaction.kt)
	at org.jetbrains.exposed.sql.statements.Statement.prepared(Statement.kt:46)
	at org.jetbrains.exposed.sql.statements.Statement.executeIn$exposed_core(Statement.kt:79)
	... 25 common frames omitted
2026-03-17 15:10:59 [DefaultDispatcher-worker-2] WARN  Exposed - Wait 0 milliseconds before retrying
2026-03-17 15:10:59 [DefaultDispatcher-worker-2] WARN  Exposed - Transaction attempt #1 failed: org.sqlite.SQLiteException: [SQLITE_NOTADB] File opened that is not a database file (file is not a database). Statement(s): SELECT geo_data.id, geo_data.line_name, geo_data.tower_number, geo_data.circuit, geo_data.latitude, geo_data.longitude, geo_data.humidity, geo_data.emissivity, geo_data.ambient_temp, geo_data.load_val, geo_data.fault_desc, geo_data.fault_temp, geo_data.img_thermal, geo_data.img_visual, geo_data.img_tower, geo_data.img_extra, geo_data.status, geo_data.updated_at FROM geo_data
org.jetbrains.exposed.exceptions.ExposedSQLException: org.sqlite.SQLiteException: [SQLITE_NOTADB] File opened that is not a database file (file is not a database)
	at org.jetbrains.exposed.sql.statements.Statement.executeIn$exposed_core(Statement.kt:83)
	at org.jetbrains.exposed.sql.Transaction.exec(Transaction.kt:292)
	at org.jetbrains.exposed.sql.Transaction.exec(Transaction.kt:269)
	at org.jetbrains.exposed.sql.AbstractQuery.iterator(AbstractQuery.kt:78)
	at org.jetbrains.exposed.sql.IterableExKt$mapLazy$1.iterator(IterableEx.kt:168)
	at com.geospatial.processing.data.repository.GeoRepository$getAllRecords$2$1.invoke(GeoRepository.kt:123)
	at com.geospatial.processing.data.repository.GeoRepository$getAllRecords$2$1.invoke(GeoRepository.kt:36)
	at org.jetbrains.exposed.sql.transactions.ThreadLocalTransactionManagerKt.inTopLevelTransaction$run(ThreadLocalTransactionManager.kt:324)
	at org.jetbrains.exposed.sql.transactions.ThreadLocalTransactionManagerKt.access$inTopLevelTransaction$run(ThreadLocalTransactionManager.kt:1)
	at org.jetbrains.exposed.sql.transactions.ThreadLocalTransactionManagerKt$inTopLevelTransaction$1.invoke(ThreadLocalTransactionManager.kt:371)
	at org.jetbrains.exposed.sql.transactions.ThreadLocalTransactionManagerKt.keepAndRestoreTransactionRefAfterRun(ThreadLocalTransactionManager.kt:379)
	at org.jetbrains.exposed.sql.transactions.ThreadLocalTransactionManagerKt.inTopLevelTransaction(ThreadLocalTransactionManager.kt:370)
	at org.jetbrains.exposed.sql.transactions.ThreadLocalTransactionManagerKt$transaction$1.invoke(ThreadLocalTransactionManager.kt:279)
	at org.jetbrains.exposed.sql.transactions.ThreadLocalTransactionManagerKt.keepAndRestoreTransactionRefAfterRun(ThreadLocalTransactionManager.kt:379)
	at org.jetbrains.exposed.sql.transactions.ThreadLocalTransactionManagerKt.transaction(ThreadLocalTransactionManager.kt:249)
	at org.jetbrains.exposed.sql.transactions.ThreadLocalTransactionManagerKt.transaction(ThreadLocalTransactionManager.kt:227)
	at org.jetbrains.exposed.sql.transactions.ThreadLocalTransactionManagerKt.transaction$default(ThreadLocalTransactionManager.kt:226)
	at com.geospatial.processing.data.repository.GeoRepository$getAllRecords$2.invokeSuspend(GeoRepository.kt:36)
	at kotlin.coroutines.jvm.internal.BaseContinuationImpl.resumeWith(ContinuationImpl.kt:33)
	at kotlinx.coroutines.DispatchedTask.run(DispatchedTask.kt:104)
	at kotlinx.coroutines.internal.LimitedDispatcher$Worker.run(LimitedDispatcher.kt:111)
	at kotlinx.coroutines.scheduling.TaskImpl.run(Tasks.kt:99)
	at kotlinx.coroutines.scheduling.CoroutineScheduler.runSafely(CoroutineScheduler.kt:585)
	at kotlinx.coroutines.scheduling.CoroutineScheduler$Worker.executeTask(CoroutineScheduler.kt:802)
	at kotlinx.coroutines.scheduling.CoroutineScheduler$Worker.runWorker(CoroutineScheduler.kt:706)
	at kotlinx.coroutines.scheduling.CoroutineScheduler$Worker.run(CoroutineScheduler.kt:693)
Caused by: org.sqlite.SQLiteException: [SQLITE_NOTADB] File opened that is not a database file (file is not a database)
	at org.sqlite.core.DB.newSQLException(DB.java:1179)
	at org.sqlite.core.DB.newSQLException(DB.java:1190)
	at org.sqlite.core.DB.throwex(DB.java:1150)
	at org.sqlite.core.NativeDB.prepare_utf8(Native Method)
	at org.sqlite.core.NativeDB.prepare(NativeDB.java:132)
	at org.sqlite.core.DB.prepare(DB.java:264)
	at org.sqlite.jdbc3.JDBC3Statement.lambda$execute$0(JDBC3Statement.java:54)
	at org.sqlite.jdbc3.JDBC3Statement.withConnectionTimeout(JDBC3Statement.java:454)
	at org.sqlite.jdbc3.JDBC3Statement.execute(JDBC3Statement.java:43)
	at org.sqlite.SQLiteConfig.apply(SQLiteConfig.java:196)
	at org.sqlite.SQLiteConnection.<init>(SQLiteConnection.java:73)
	at org.sqlite.jdbc3.JDBC3Connection.<init>(JDBC3Connection.java:28)
	at org.sqlite.jdbc4.JDBC4Connection.<init>(JDBC4Connection.java:19)
	at org.sqlite.JDBC.createConnection(JDBC.java:106)
	at org.sqlite.JDBC.connect(JDBC.java:79)
	at java.sql/java.sql.DriverManager.getConnection(DriverManager.java:683)
	at java.sql/java.sql.DriverManager.getConnection(DriverManager.java:230)
	at org.jetbrains.exposed.sql.Database$Companion$connect$8.invoke(Database.kt:287)
	at org.jetbrains.exposed.sql.Database$Companion$connect$8.invoke(Database.kt:283)
	at org.jetbrains.exposed.sql.Database$Companion$doConnect$3.invoke(Database.kt:165)
	at org.jetbrains.exposed.sql.Database$Companion$doConnect$3.invoke(Database.kt:166)
	at org.jetbrains.exposed.sql.transactions.ThreadLocalTransactionManager$ThreadLocalTransaction$connectionLazy$1.invoke(ThreadLocalTransactionManager.kt:138)
	at org.jetbrains.exposed.sql.transactions.ThreadLocalTransactionManager$ThreadLocalTransaction$connectionLazy$1.invoke(ThreadLocalTransactionManager.kt:137)
	at kotlin.UnsafeLazyImpl.getValue(Lazy.kt:81)
	at org.jetbrains.exposed.sql.transactions.ThreadLocalTransactionManager$ThreadLocalTransaction.getConnection(ThreadLocalTransactionManager.kt:163)
	at org.jetbrains.exposed.sql.Transaction.getConnection(Transaction.kt)
	at org.jetbrains.exposed.sql.statements.Statement.prepared(Statement.kt:46)
	at org.jetbrains.exposed.sql.statements.Statement.executeIn$exposed_core(Statement.kt:79)
	... 25 common frames omitted
2026-03-17 15:10:59 [DefaultDispatcher-worker-2] WARN  Exposed - Wait 0 milliseconds before retrying
2026-03-17 15:10:59 [DefaultDispatcher-worker-2] WARN  Exposed - Transaction attempt #2 failed: org.sqlite.SQLiteException: [SQLITE_NOTADB] File opened that is not a database file (file is not a database). Statement(s): SELECT geo_data.id, geo_data.line_name, geo_data.tower_number, geo_data.circuit, geo_data.latitude, geo_data.longitude, geo_data.humidity, geo_data.emissivity, geo_data.ambient_temp, geo_data.load_val, geo_data.fault_desc, geo_data.fault_temp, geo_data.img_thermal, geo_data.img_visual, geo_data.img_tower, geo_data.img_extra, geo_data.status, geo_data.updated_at FROM geo_data
org.jetbrains.exposed.exceptions.ExposedSQLException: org.sqlite.SQLiteException: [SQLITE_NOTADB] File opened that is not a database file (file is not a database)
	at org.jetbrains.exposed.sql.statements.Statement.executeIn$exposed_core(Statement.kt:83)
	at org.jetbrains.exposed.sql.Transaction.exec(Transaction.kt:292)
	at org.jetbrains.exposed.sql.Transaction.exec(Transaction.kt:269)
	at org.jetbrains.exposed.sql.AbstractQuery.iterator(AbstractQuery.kt:78)
	at org.jetbrains.exposed.sql.IterableExKt$mapLazy$1.iterator(IterableEx.kt:168)
	at com.geospatial.processing.data.repository.GeoRepository$getAllRecords$2$1.invoke(GeoRepository.kt:123)
	at com.geospatial.processing.data.repository.GeoRepository$getAllRecords$2$1.invoke(GeoRepository.kt:36)
	at org.jetbrains.exposed.sql.transactions.ThreadLocalTransactionManagerKt.inTopLevelTransaction$run(ThreadLocalTransactionManager.kt:324)
	at org.jetbrains.exposed.sql.transactions.ThreadLocalTransactionManagerKt.access$inTopLevelTransaction$run(ThreadLocalTransactionManager.kt:1)
	at org.jetbrains.exposed.sql.transactions.ThreadLocalTransactionManagerKt$inTopLevelTransaction$1.invoke(ThreadLocalTransactionManager.kt:371)
	at org.jetbrains.exposed.sql.transactions.ThreadLocalTransactionManagerKt.keepAndRestoreTransactionRefAfterRun(ThreadLocalTransactionManager.kt:379)
	at org.jetbrains.exposed.sql.transactions.ThreadLocalTransactionManagerKt.inTopLevelTransaction(ThreadLocalTransactionManager.kt:370)
	at org.jetbrains.exposed.sql.transactions.ThreadLocalTransactionManagerKt$transaction$1.invoke(ThreadLocalTransactionManager.kt:279)
	at org.jetbrains.exposed.sql.transactions.ThreadLocalTransactionManagerKt.keepAndRestoreTransactionRefAfterRun(ThreadLocalTransactionManager.kt:379)
	at org.jetbrains.exposed.sql.transactions.ThreadLocalTransactionManagerKt.transaction(ThreadLocalTransactionManager.kt:249)
	at org.jetbrains.exposed.sql.transactions.ThreadLocalTransactionManagerKt.transaction(ThreadLocalTransactionManager.kt:227)
	at org.jetbrains.exposed.sql.transactions.ThreadLocalTransactionManagerKt.transaction$default(ThreadLocalTransactionManager.kt:226)
	at com.geospatial.processing.data.repository.GeoRepository$getAllRecords$2.invokeSuspend(GeoRepository.kt:36)
	at kotlin.coroutines.jvm.internal.BaseContinuationImpl.resumeWith(ContinuationImpl.kt:33)
	at kotlinx.coroutines.DispatchedTask.run(DispatchedTask.kt:104)
	at kotlinx.coroutines.internal.LimitedDispatcher$Worker.run(LimitedDispatcher.kt:111)
	at kotlinx.coroutines.scheduling.TaskImpl.run(Tasks.kt:99)
	at kotlinx.coroutines.scheduling.CoroutineScheduler.runSafely(CoroutineScheduler.kt:585)
	at kotlinx.coroutines.scheduling.CoroutineScheduler$Worker.executeTask(CoroutineScheduler.kt:802)
	at kotlinx.coroutines.scheduling.CoroutineScheduler$Worker.runWorker(CoroutineScheduler.kt:706)
	at kotlinx.coroutines.scheduling.CoroutineScheduler$Worker.run(CoroutineScheduler.kt:693)
Caused by: org.sqlite.SQLiteException: [SQLITE_NOTADB] File opened that is not a database file (file is not a database)
	at org.sqlite.core.DB.newSQLException(DB.java:1179)
	at org.sqlite.core.DB.newSQLException(DB.java:1190)
	at org.sqlite.core.DB.throwex(DB.java:1150)
	at org.sqlite.core.NativeDB.prepare_utf8(Native Method)
	at org.sqlite.core.NativeDB.prepare(NativeDB.java:132)
	at org.sqlite.core.DB.prepare(DB.java:264)
	at org.sqlite.jdbc3.JDBC3Statement.lambda$execute$0(JDBC3Statement.java:54)
	at org.sqlite.jdbc3.JDBC3Statement.withConnectionTimeout(JDBC3Statement.java:454)
	at org.sqlite.jdbc3.JDBC3Statement.execute(JDBC3Statement.java:43)
	at org.sqlite.SQLiteConfig.apply(SQLiteConfig.java:196)
	at org.sqlite.SQLiteConnection.<init>(SQLiteConnection.java:73)
	at org.sqlite.jdbc3.JDBC3Connection.<init>(JDBC3Connection.java:28)
	at org.sqlite.jdbc4.JDBC4Connection.<init>(JDBC4Connection.java:19)
	at org.sqlite.JDBC.createConnection(JDBC.java:106)
	at org.sqlite.JDBC.connect(JDBC.java:79)
	at java.sql/java.sql.DriverManager.getConnection(DriverManager.java:683)
	at java.sql/java.sql.DriverManager.getConnection(DriverManager.java:230)
	at org.jetbrains.exposed.sql.Database$Companion$connect$8.invoke(Database.kt:287)
	at org.jetbrains.exposed.sql.Database$Companion$connect$8.invoke(Database.kt:283)
	at org.jetbrains.exposed.sql.Database$Companion$doConnect$3.invoke(Database.kt:165)
	at org.jetbrains.exposed.sql.Database$Companion$doConnect$3.invoke(Database.kt:166)
	at org.jetbrains.exposed.sql.transactions.ThreadLocalTransactionManager$ThreadLocalTransaction$connectionLazy$1.invoke(ThreadLocalTransactionManager.kt:138)
	at org.jetbrains.exposed.sql.transactions.ThreadLocalTransactionManager$ThreadLocalTransaction$connectionLazy$1.invoke(ThreadLocalTransactionManager.kt:137)
	at kotlin.UnsafeLazyImpl.getValue(Lazy.kt:81)
	at org.jetbrains.exposed.sql.transactions.ThreadLocalTransactionManager$ThreadLocalTransaction.getConnection(ThreadLocalTransactionManager.kt:163)
	at org.jetbrains.exposed.sql.Transaction.getConnection(Transaction.kt)
	at org.jetbrains.exposed.sql.statements.Statement.prepared(Statement.kt:46)
	at org.jetbrains.exposed.sql.statements.Statement.executeIn$exposed_core(Statement.kt:79)
	... 25 common frames omitted
2026-03-17 15:17:11 [DefaultDispatcher-worker-1] INFO  c.g.p.d.usecase.CsvImportService - Starting CSV import from file: C:\Users\Utkarsh\OneDrive\Desktop\Sample.csv
2026-03-17 15:17:11 [DefaultDispatcher-worker-1] INFO  c.g.p.d.usecase.CsvImportService - Found 999 records in CSV. Beginning database insertion.
2026-03-17 16:18:42 [DefaultDispatcher-worker-2] INFO  c.g.p.d.usecase.CsvImportService - Starting CSV import from file: C:\Users\Utkarsh\OneDrive\Desktop\Sample.csv
2026-03-17 16:18:42 [DefaultDispatcher-worker-2] INFO  c.g.p.d.usecase.CsvImportService - Found 999 records in CSV. Beginning database insertion.
2026-03-17 16:20:46 [DefaultDispatcher-worker-2] INFO  c.g.p.d.usecase.PdfGenerationService - Starting bulk ZIP export to: C:\Users\Utkarsh\OneDrive\Desktop\Tower_Bulk_Reports.zip
2026-03-17 16:20:46 [DefaultDispatcher-worker-2] INFO  c.g.p.d.usecase.PdfGenerationService - Successfully exported 4 records to ZIP.
2026-03-17 16:20:47 [DefaultDispatcher-worker-2] INFO  c.g.p.d.usecase.PdfGenerationService - Successfully exported 4 records to ZIP.
2026-03-17 16:20:47 [DefaultDispatcher-worker-2] INFO  c.g.p.d.usecase.PdfGenerationService - Successfully exported 4 records to ZIP.
2026-03-17 16:20:47 [DefaultDispatcher-worker-2] INFO  c.g.p.d.usecase.PdfGenerationService - Successfully exported 4 records to ZIP.
2026-03-17 18:09:56 [DefaultDispatcher-worker-1] INFO  c.g.p.d.usecase.CsvImportService - Starting CSV import from file: C:\Users\Utkarsh\OneDrive\Desktop\Sample.csv
2026-03-17 18:09:56 [DefaultDispatcher-worker-1] INFO  c.g.p.d.usecase.CsvImportService - Found 999 records in CSV. Beginning database insertion.
2026-03-17 18:10:20 [DefaultDispatcher-worker-1] INFO  c.g.p.d.usecase.PdfGenerationService - Starting bulk ZIP export to: C:\Users\Utkarsh\OneDrive\Desktop\Tower-Report.zip
2026-03-17 18:10:21 [DefaultDispatcher-worker-1] INFO  c.g.p.d.usecase.PdfGenerationService - Successfully exported 4 records to ZIP.
2026-03-17 18:10:22 [DefaultDispatcher-worker-1] INFO  c.g.p.d.usecase.PdfGenerationService - Successfully exported 4 records to ZIP.
2026-03-17 18:10:22 [DefaultDispatcher-worker-1] INFO  c.g.p.d.usecase.PdfGenerationService - Successfully exported 4 records to ZIP.
2026-03-17 18:10:23 [DefaultDispatcher-worker-1] INFO  c.g.p.d.usecase.PdfGenerationService - Successfully exported 4 records to ZIP.
2026-03-29 15:28:24 [DefaultDispatcher-worker-1] WARN  Exposed - Transaction attempt #0 failed: org.sqlite.SQLiteException: [SQLITE_ERROR] SQL error or missing database (no such column: geo_data.phase). Statement(s): SELECT geo_data.id, geo_data.line_name, geo_data.tower_number, geo_data.circuit, geo_data.latitude, geo_data.longitude, geo_data.phase, geo_data.side, geo_data.direction, geo_data.captured_date, geo_data.captured_time, geo_data.humidity, geo_data.emissivity, geo_data.ambient_temp, geo_data.load_val, geo_data.load_data_ckt3, geo_data.load_data_ckt4, geo_data.fault_desc, geo_data.fault_temp, geo_data.rise_temp, geo_data.img_thermal, geo_data.img_visual, geo_data.img_tower, geo_data.img_extra, geo_data.status, geo_data.updated_at FROM geo_data
org.jetbrains.exposed.exceptions.ExposedSQLException: org.sqlite.SQLiteException: [SQLITE_ERROR] SQL error or missing database (no such column: geo_data.phase)
	at org.jetbrains.exposed.sql.statements.Statement.executeIn$exposed_core(Statement.kt:83)
	at org.jetbrains.exposed.sql.Transaction.exec(Transaction.kt:292)
	at org.jetbrains.exposed.sql.Transaction.exec(Transaction.kt:269)
	at org.jetbrains.exposed.sql.AbstractQuery.iterator(AbstractQuery.kt:78)
	at org.jetbrains.exposed.sql.IterableExKt$mapLazy$1.iterator(IterableEx.kt:168)
	at com.geospatial.processing.data.repository.GeoRepository$getAllRecords$2$1.invoke(GeoRepository.kt:135)
	at com.geospatial.processing.data.repository.GeoRepository$getAllRecords$2$1.invoke(GeoRepository.kt:36)
	at org.jetbrains.exposed.sql.transactions.ThreadLocalTransactionManagerKt.inTopLevelTransaction$run(ThreadLocalTransactionManager.kt:324)
	at org.jetbrains.exposed.sql.transactions.ThreadLocalTransactionManagerKt.access$inTopLevelTransaction$run(ThreadLocalTransactionManager.kt:1)
	at org.jetbrains.exposed.sql.transactions.ThreadLocalTransactionManagerKt$inTopLevelTransaction$1.invoke(ThreadLocalTransactionManager.kt:371)
	at org.jetbrains.exposed.sql.transactions.ThreadLocalTransactionManagerKt.keepAndRestoreTransactionRefAfterRun(ThreadLocalTransactionManager.kt:379)
	at org.jetbrains.exposed.sql.transactions.ThreadLocalTransactionManagerKt.inTopLevelTransaction(ThreadLocalTransactionManager.kt:370)
	at org.jetbrains.exposed.sql.transactions.ThreadLocalTransactionManagerKt$transaction$1.invoke(ThreadLocalTransactionManager.kt:279)
	at org.jetbrains.exposed.sql.transactions.ThreadLocalTransactionManagerKt.keepAndRestoreTransactionRefAfterRun(ThreadLocalTransactionManager.kt:379)
	at org.jetbrains.exposed.sql.transactions.ThreadLocalTransactionManagerKt.transaction(ThreadLocalTransactionManager.kt:249)
	at org.jetbrains.exposed.sql.transactions.ThreadLocalTransactionManagerKt.transaction(ThreadLocalTransactionManager.kt:227)
	at org.jetbrains.exposed.sql.transactions.ThreadLocalTransactionManagerKt.transaction$default(ThreadLocalTransactionManager.kt:226)
	at com.geospatial.processing.data.repository.GeoRepository$getAllRecords$2.invokeSuspend(GeoRepository.kt:36)
	at kotlin.coroutines.jvm.internal.BaseContinuationImpl.resumeWith(ContinuationImpl.kt:33)
	at kotlinx.coroutines.DispatchedTask.run(DispatchedTask.kt:104)
	at kotlinx.coroutines.internal.LimitedDispatcher$Worker.run(LimitedDispatcher.kt:111)
	at kotlinx.coroutines.scheduling.TaskImpl.run(Tasks.kt:99)
	at kotlinx.coroutines.scheduling.CoroutineScheduler.runSafely(CoroutineScheduler.kt:585)
	at kotlinx.coroutines.scheduling.CoroutineScheduler$Worker.executeTask(CoroutineScheduler.kt:802)
	at kotlinx.coroutines.scheduling.CoroutineScheduler$Worker.runWorker(CoroutineScheduler.kt:706)
	at kotlinx.coroutines.scheduling.CoroutineScheduler$Worker.run(CoroutineScheduler.kt:693)
Caused by: org.sqlite.SQLiteException: [SQLITE_ERROR] SQL error or missing database (no such column: geo_data.phase)
	at org.sqlite.core.DB.newSQLException(DB.java:1179)
	at org.sqlite.core.DB.newSQLException(DB.java:1190)
	at org.sqlite.core.DB.throwex(DB.java:1150)
	at org.sqlite.core.NativeDB.prepare_utf8(Native Method)
	at org.sqlite.core.NativeDB.prepare(NativeDB.java:132)
	at org.sqlite.core.DB.prepare(DB.java:264)
	at org.sqlite.core.CorePreparedStatement.<init>(CorePreparedStatement.java:46)
	at org.sqlite.jdbc3.JDBC3PreparedStatement.<init>(JDBC3PreparedStatement.java:32)
	at org.sqlite.jdbc4.JDBC4PreparedStatement.<init>(JDBC4PreparedStatement.java:25)
	at org.sqlite.jdbc4.JDBC4Connection.prepareStatement(JDBC4Connection.java:34)
	at org.sqlite.jdbc3.JDBC3Connection.prepareStatement(JDBC3Connection.java:225)
	at org.sqlite.jdbc3.JDBC3Connection.prepareStatement(JDBC3Connection.java:205)
	at org.sqlite.jdbc3.JDBC3Connection.prepareStatement(JDBC3Connection.java:210)
	at org.jetbrains.exposed.sql.statements.jdbc.JdbcConnectionImpl.prepareStatement(JdbcConnectionImpl.kt:80)
	at org.jetbrains.exposed.sql.statements.Statement.prepared(Statement.kt:46)
	at org.jetbrains.exposed.sql.statements.Statement.executeIn$exposed_core(Statement.kt:79)
	... 25 common frames omitted
2026-03-29 15:28:24 [DefaultDispatcher-worker-1] WARN  Exposed - Wait 0 milliseconds before retrying
2026-03-29 15:28:24 [DefaultDispatcher-worker-1] WARN  Exposed - Transaction attempt #1 failed: org.sqlite.SQLiteException: [SQLITE_ERROR] SQL error or missing database (no such column: geo_data.phase). Statement(s): SELECT geo_data.id, geo_data.line_name, geo_data.tower_number, geo_data.circuit, geo_data.latitude, geo_data.longitude, geo_data.phase, geo_data.side, geo_data.direction, geo_data.captured_date, geo_data.captured_time, geo_data.humidity, geo_data.emissivity, geo_data.ambient_temp, geo_data.load_val, geo_data.load_data_ckt3, geo_data.load_data_ckt4, geo_data.fault_desc, geo_data.fault_temp, geo_data.rise_temp, geo_data.img_thermal, geo_data.img_visual, geo_data.img_tower, geo_data.img_extra, geo_data.status, geo_data.updated_at FROM geo_data
org.jetbrains.exposed.exceptions.ExposedSQLException: org.sqlite.SQLiteException: [SQLITE_ERROR] SQL error or missing database (no such column: geo_data.phase)
	at org.jetbrains.exposed.sql.statements.Statement.executeIn$exposed_core(Statement.kt:83)
	at org.jetbrains.exposed.sql.Transaction.exec(Transaction.kt:292)
	at org.jetbrains.exposed.sql.Transaction.exec(Transaction.kt:269)
	at org.jetbrains.exposed.sql.AbstractQuery.iterator(AbstractQuery.kt:78)
	at org.jetbrains.exposed.sql.IterableExKt$mapLazy$1.iterator(IterableEx.kt:168)
	at com.geospatial.processing.data.repository.GeoRepository$getAllRecords$2$1.invoke(GeoRepository.kt:135)
	at com.geospatial.processing.data.repository.GeoRepository$getAllRecords$2$1.invoke(GeoRepository.kt:36)
	at org.jetbrains.exposed.sql.transactions.ThreadLocalTransactionManagerKt.inTopLevelTransaction$run(ThreadLocalTransactionManager.kt:324)
	at org.jetbrains.exposed.sql.transactions.ThreadLocalTransactionManagerKt.access$inTopLevelTransaction$run(ThreadLocalTransactionManager.kt:1)
	at org.jetbrains.exposed.sql.transactions.ThreadLocalTransactionManagerKt$inTopLevelTransaction$1.invoke(ThreadLocalTransactionManager.kt:371)
	at org.jetbrains.exposed.sql.transactions.ThreadLocalTransactionManagerKt.keepAndRestoreTransactionRefAfterRun(ThreadLocalTransactionManager.kt:379)
	at org.jetbrains.exposed.sql.transactions.ThreadLocalTransactionManagerKt.inTopLevelTransaction(ThreadLocalTransactionManager.kt:370)
	at org.jetbrains.exposed.sql.transactions.ThreadLocalTransactionManagerKt$transaction$1.invoke(ThreadLocalTransactionManager.kt:279)
	at org.jetbrains.exposed.sql.transactions.ThreadLocalTransactionManagerKt.keepAndRestoreTransactionRefAfterRun(ThreadLocalTransactionManager.kt:379)
	at org.jetbrains.exposed.sql.transactions.ThreadLocalTransactionManagerKt.transaction(ThreadLocalTransactionManager.kt:249)
	at org.jetbrains.exposed.sql.transactions.ThreadLocalTransactionManagerKt.transaction(ThreadLocalTransactionManager.kt:227)
	at org.jetbrains.exposed.sql.transactions.ThreadLocalTransactionManagerKt.transaction$default(ThreadLocalTransactionManager.kt:226)
	at com.geospatial.processing.data.repository.GeoRepository$getAllRecords$2.invokeSuspend(GeoRepository.kt:36)
	at kotlin.coroutines.jvm.internal.BaseContinuationImpl.resumeWith(ContinuationImpl.kt:33)
	at kotlinx.coroutines.DispatchedTask.run(DispatchedTask.kt:104)
	at kotlinx.coroutines.internal.LimitedDispatcher$Worker.run(LimitedDispatcher.kt:111)
	at kotlinx.coroutines.scheduling.TaskImpl.run(Tasks.kt:99)
	at kotlinx.coroutines.scheduling.CoroutineScheduler.runSafely(CoroutineScheduler.kt:585)
	at kotlinx.coroutines.scheduling.CoroutineScheduler$Worker.executeTask(CoroutineScheduler.kt:802)
	at kotlinx.coroutines.scheduling.CoroutineScheduler$Worker.runWorker(CoroutineScheduler.kt:706)
	at kotlinx.coroutines.scheduling.CoroutineScheduler$Worker.run(CoroutineScheduler.kt:693)
Caused by: org.sqlite.SQLiteException: [SQLITE_ERROR] SQL error or missing database (no such column: geo_data.phase)
	at org.sqlite.core.DB.newSQLException(DB.java:1179)
	at org.sqlite.core.DB.newSQLException(DB.java:1190)
	at org.sqlite.core.DB.throwex(DB.java:1150)
	at org.sqlite.core.NativeDB.prepare_utf8(Native Method)
	at org.sqlite.core.NativeDB.prepare(NativeDB.java:132)
	at org.sqlite.core.DB.prepare(DB.java:264)
	at org.sqlite.core.CorePreparedStatement.<init>(CorePreparedStatement.java:46)
	at org.sqlite.jdbc3.JDBC3PreparedStatement.<init>(JDBC3PreparedStatement.java:32)
	at org.sqlite.jdbc4.JDBC4PreparedStatement.<init>(JDBC4PreparedStatement.java:25)
	at org.sqlite.jdbc4.JDBC4Connection.prepareStatement(JDBC4Connection.java:34)
	at org.sqlite.jdbc3.JDBC3Connection.prepareStatement(JDBC3Connection.java:225)
	at org.sqlite.jdbc3.JDBC3Connection.prepareStatement(JDBC3Connection.java:205)
	at org.sqlite.jdbc3.JDBC3Connection.prepareStatement(JDBC3Connection.java:210)
	at org.jetbrains.exposed.sql.statements.jdbc.JdbcConnectionImpl.prepareStatement(JdbcConnectionImpl.kt:80)
	at org.jetbrains.exposed.sql.statements.Statement.prepared(Statement.kt:46)
	at org.jetbrains.exposed.sql.statements.Statement.executeIn$exposed_core(Statement.kt:79)
	... 25 common frames omitted
2026-03-29 15:28:24 [DefaultDispatcher-worker-1] WARN  Exposed - Wait 0 milliseconds before retrying
2026-03-29 15:28:24 [DefaultDispatcher-worker-1] WARN  Exposed - Transaction attempt #2 failed: org.sqlite.SQLiteException: [SQLITE_ERROR] SQL error or missing database (no such column: geo_data.phase). Statement(s): SELECT geo_data.id, geo_data.line_name, geo_data.tower_number, geo_data.circuit, geo_data.latitude, geo_data.longitude, geo_data.phase, geo_data.side, geo_data.direction, geo_data.captured_date, geo_data.captured_time, geo_data.humidity, geo_data.emissivity, geo_data.ambient_temp, geo_data.load_val, geo_data.load_data_ckt3, geo_data.load_data_ckt4, geo_data.fault_desc, geo_data.fault_temp, geo_data.rise_temp, geo_data.img_thermal, geo_data.img_visual, geo_data.img_tower, geo_data.img_extra, geo_data.status, geo_data.updated_at FROM geo_data
org.jetbrains.exposed.exceptions.ExposedSQLException: org.sqlite.SQLiteException: [SQLITE_ERROR] SQL error or missing database (no such column: geo_data.phase)
	at org.jetbrains.exposed.sql.statements.Statement.executeIn$exposed_core(Statement.kt:83)
	at org.jetbrains.exposed.sql.Transaction.exec(Transaction.kt:292)
	at org.jetbrains.exposed.sql.Transaction.exec(Transaction.kt:269)
	at org.jetbrains.exposed.sql.AbstractQuery.iterator(AbstractQuery.kt:78)
	at org.jetbrains.exposed.sql.IterableExKt$mapLazy$1.iterator(IterableEx.kt:168)
	at com.geospatial.processing.data.repository.GeoRepository$getAllRecords$2$1.invoke(GeoRepository.kt:135)
	at com.geospatial.processing.data.repository.GeoRepository$getAllRecords$2$1.invoke(GeoRepository.kt:36)
	at org.jetbrains.exposed.sql.transactions.ThreadLocalTransactionManagerKt.inTopLevelTransaction$run(ThreadLocalTransactionManager.kt:324)
	at org.jetbrains.exposed.sql.transactions.ThreadLocalTransactionManagerKt.access$inTopLevelTransaction$run(ThreadLocalTransactionManager.kt:1)
	at org.jetbrains.exposed.sql.transactions.ThreadLocalTransactionManagerKt$inTopLevelTransaction$1.invoke(ThreadLocalTransactionManager.kt:371)
	at org.jetbrains.exposed.sql.transactions.ThreadLocalTransactionManagerKt.keepAndRestoreTransactionRefAfterRun(ThreadLocalTransactionManager.kt:379)
	at org.jetbrains.exposed.sql.transactions.ThreadLocalTransactionManagerKt.inTopLevelTransaction(ThreadLocalTransactionManager.kt:370)
	at org.jetbrains.exposed.sql.transactions.ThreadLocalTransactionManagerKt$transaction$1.invoke(ThreadLocalTransactionManager.kt:279)
	at org.jetbrains.exposed.sql.transactions.ThreadLocalTransactionManagerKt.keepAndRestoreTransactionRefAfterRun(ThreadLocalTransactionManager.kt:379)
	at org.jetbrains.exposed.sql.transactions.ThreadLocalTransactionManagerKt.transaction(ThreadLocalTransactionManager.kt:249)
	at org.jetbrains.exposed.sql.transactions.ThreadLocalTransactionManagerKt.transaction(ThreadLocalTransactionManager.kt:227)
	at org.jetbrains.exposed.sql.transactions.ThreadLocalTransactionManagerKt.transaction$default(ThreadLocalTransactionManager.kt:226)
	at com.geospatial.processing.data.repository.GeoRepository$getAllRecords$2.invokeSuspend(GeoRepository.kt:36)
	at kotlin.coroutines.jvm.internal.BaseContinuationImpl.resumeWith(ContinuationImpl.kt:33)
	at kotlinx.coroutines.DispatchedTask.run(DispatchedTask.kt:104)
	at kotlinx.coroutines.internal.LimitedDispatcher$Worker.run(LimitedDispatcher.kt:111)
	at kotlinx.coroutines.scheduling.TaskImpl.run(Tasks.kt:99)
	at kotlinx.coroutines.scheduling.CoroutineScheduler.runSafely(CoroutineScheduler.kt:585)
	at kotlinx.coroutines.scheduling.CoroutineScheduler$Worker.executeTask(CoroutineScheduler.kt:802)
	at kotlinx.coroutines.scheduling.CoroutineScheduler$Worker.runWorker(CoroutineScheduler.kt:706)
	at kotlinx.coroutines.scheduling.CoroutineScheduler$Worker.run(CoroutineScheduler.kt:693)
Caused by: org.sqlite.SQLiteException: [SQLITE_ERROR] SQL error or missing database (no such column: geo_data.phase)
	at org.sqlite.core.DB.newSQLException(DB.java:1179)
	at org.sqlite.core.DB.newSQLException(DB.java:1190)
	at org.sqlite.core.DB.throwex(DB.java:1150)
	at org.sqlite.core.NativeDB.prepare_utf8(Native Method)
	at org.sqlite.core.NativeDB.prepare(NativeDB.java:132)
	at org.sqlite.core.DB.prepare(DB.java:264)
	at org.sqlite.core.CorePreparedStatement.<init>(CorePreparedStatement.java:46)
	at org.sqlite.jdbc3.JDBC3PreparedStatement.<init>(JDBC3PreparedStatement.java:32)
	at org.sqlite.jdbc4.JDBC4PreparedStatement.<init>(JDBC4PreparedStatement.java:25)
	at org.sqlite.jdbc4.JDBC4Connection.prepareStatement(JDBC4Connection.java:34)
	at org.sqlite.jdbc3.JDBC3Connection.prepareStatement(JDBC3Connection.java:225)
	at org.sqlite.jdbc3.JDBC3Connection.prepareStatement(JDBC3Connection.java:205)
	at org.sqlite.jdbc3.JDBC3Connection.prepareStatement(JDBC3Connection.java:210)
	at org.jetbrains.exposed.sql.statements.jdbc.JdbcConnectionImpl.prepareStatement(JdbcConnectionImpl.kt:80)
	at org.jetbrains.exposed.sql.statements.Statement.prepared(Statement.kt:46)
	at org.jetbrains.exposed.sql.statements.Statement.executeIn$exposed_core(Statement.kt:79)
	... 25 common frames omitted
2026-03-29 15:32:34 [DefaultDispatcher-worker-1] INFO  c.g.p.d.usecase.CsvImportService - Starting CSV import from file: C:\Users\Utkarsh\OneDrive\Desktop\Sample.csv
2026-03-29 15:32:34 [DefaultDispatcher-worker-1] INFO  c.g.p.d.usecase.CsvImportService - Found 999 records in CSV. Beginning database insertion.
2026-03-29 15:43:59 [DefaultDispatcher-worker-1] INFO  c.g.p.d.usecase.PdfGenerationService - Starting bulk ZIP export to: C:\Users\Utkarsh\OneDrive\Desktop\towerReports.zip
2026-03-29 15:54:06 [DefaultDispatcher-worker-1] INFO  c.g.p.d.usecase.PdfGenerationService - Starting bulk ZIP export to: C:\Users\Utkarsh\OneDrive\Desktop\tower.zip
